{
  "version": "1.5.0",
  "plugins_used": [
    {
      "name": "ArtifactoryDetector"
    },
    {
      "name": "AWSKeyDetector"
    },
    {
      "name": "AzureStorageKeyDetector"
    },
    {
      "name": "Base64HighEntropyString",
      "limit": 4.5
    },
    {
      "name": "BasicAuthDetector"
    },
    {
      "name": "CloudantDetector"
    },
    {
      "name": "DiscordBotTokenDetector"
    },
    {
      "name": "GitHubTokenDetector"
    },
    {
      "name": "GitLabTokenDetector"
    },
    {
      "name": "HexHighEntropyString",
      "limit": 3.0
    },
    {
      "name": "IbmCloudIamDetector"
    },
    {
      "name": "IbmCosHmacDetector"
    },
    {
      "name": "IPPublicDetector"
    },
    {
      "name": "JwtTokenDetector"
    },
    {
      "name": "KeywordDetector",
      "keyword_exclude": ""
    },
    {
      "name": "MailchimpDetector"
    },
    {
      "name": "NpmDetector"
    },
    {
      "name": "OpenAIDetector"
    },
    {
      "name": "PrivateKeyDetector"
    },
    {
      "name": "PypiTokenDetector"
    },
    {
      "name": "SendGridDetector"
    },
    {
      "name": "SlackDetector"
    },
    {
      "name": "SoftlayerDetector"
    },
    {
      "name": "SquareOAuthDetector"
    },
    {
      "name": "StripeDetector"
    },
    {
      "name": "TelegramBotTokenDetector"
    },
    {
      "name": "TwilioKeyDetector"
    }
  ],
  "filters_used": [
    {
      "path": "detect_secrets.filters.allowlist.is_line_allowlisted"
    },
    {
      "path": "detect_secrets.filters.common.is_ignored_due_to_verification_policies",
      "min_level": 2
    },
    {
      "path": "detect_secrets.filters.heuristic.is_indirect_reference"
    },
    {
      "path": "detect_secrets.filters.heuristic.is_likely_id_string"
    },
    {
      "path": "detect_secrets.filters.heuristic.is_lock_file"
    },
    {
      "path": "detect_secrets.filters.heuristic.is_not_alphanumeric_string"
    },
    {
      "path": "detect_secrets.filters.heuristic.is_potential_uuid"
    },
    {
      "path": "detect_secrets.filters.heuristic.is_prefixed_with_dollar_sign"
    },
    {
      "path": "detect_secrets.filters.heuristic.is_sequential_string"
    },
    {
      "path": "detect_secrets.filters.heuristic.is_swagger_file"
    },
    {
      "path": "detect_secrets.filters.heuristic.is_templated_secret"
    }
  ],
  "results": {
    "CLAUDE.md": [
      {
        "type": "Secret Keyword",
        "filename": "CLAUDE.md",
        "hashed_secret": "0d1ba0da3e84e54f29846c93c43182eede365858",
        "is_verified": false,
        "line_number": 187
      },
      {
        "type": "Secret Keyword",
        "filename": "CLAUDE.md",
        "hashed_secret": "632d8eb9ee5be70b5448c03a10544b62f577ad60",
        "is_verified": false,
        "line_number": 283
      }
    ],
    "IMPLEMENTATION_PLAN_API_SECURITY_RATE_LIMITING.md": [
      {
        "type": "Secret Keyword",
        "filename": "IMPLEMENTATION_PLAN_API_SECURITY_RATE_LIMITING.md",
        "hashed_secret": "00942f4668670f34c5943cf52c7ef3139fe2b8d6",
        "is_verified": false,
        "line_number": 890
      }
    ],
    "README_OAUTH.md": [
      {
        "type": "Secret Keyword",
        "filename": "README_OAUTH.md",
        "hashed_secret": "055bb55ead1ad799af50f569f42c6429ec303bda",
        "is_verified": false,
        "line_number": 18
      }
    ],
    "TESTING_GUIDE_BUSINESS_RULES.md": [
      {
        "type": "Secret Keyword",
        "filename": "TESTING_GUIDE_BUSINESS_RULES.md",
        "hashed_secret": "2619a5397a5d054dab3fe24e6a8da1fbd76ec3a6",
        "is_verified": false,
        "line_number": 21
      }
    ],
    "docs/DOCKER_USAGE.md": [
      {
        "type": "Secret Keyword",
        "filename": "docs/DOCKER_USAGE.md",
        "hashed_secret": "fd220f81a874d2aa60c471c760c0e6dffde9a8a7",
        "is_verified": false,
        "line_number": 43
      },
      {
        "type": "Secret Keyword",
        "filename": "docs/DOCKER_USAGE.md",
        "hashed_secret": "2619a5397a5d054dab3fe24e6a8da1fbd76ec3a6",
        "is_verified": false,
        "line_number": 44
      },
      {
        "type": "Secret Keyword",
        "filename": "docs/DOCKER_USAGE.md",
        "hashed_secret": "29df8e701c64566b0035b6283fb2f7b41a0d65f2",
        "is_verified": false,
        "line_number": 45
      }
    ],
    "docs/MANUAL_TESTING_GUIDE.md": [
      {
        "type": "Secret Keyword",
        "filename": "docs/MANUAL_TESTING_GUIDE.md",
        "hashed_secret": "0d1ba0da3e84e54f29846c93c43182eede365858",
        "is_verified": false,
        "line_number": 24
      }
    ],
    "docs/README.md": [
      {
        "type": "Secret Keyword",
        "filename": "docs/README.md",
        "hashed_secret": "fd220f81a874d2aa60c471c760c0e6dffde9a8a7",
        "is_verified": false,
        "line_number": 46
      },
      {
        "type": "Secret Keyword",
        "filename": "docs/README.md",
        "hashed_secret": "2619a5397a5d054dab3fe24e6a8da1fbd76ec3a6",
        "is_verified": false,
        "line_number": 47
      },
      {
        "type": "Secret Keyword",
        "filename": "docs/README.md",
        "hashed_secret": "29df8e701c64566b0035b6283fb2f7b41a0d65f2",
        "is_verified": false,
        "line_number": 48
      }
    ],
    "tests/conftest.py": [
      {
        "type": "Secret Keyword",
        "filename": "tests/conftest.py",
        "hashed_secret": "1089adfb1f11b95df31344030507912b5abdf57a",
        "is_verified": false,
        "line_number": 36
      },
      {
        "type": "Secret Keyword",
        "filename": "tests/conftest.py",
        "hashed_secret": "d8e824db6b9db69854e38ad422e9ab286449d486",
        "is_verified": false,
        "line_number": 39
      },
      {
        "type": "Secret Keyword",
        "filename": "tests/conftest.py",
        "hashed_secret": "4a2cf18ccb0442c07e64c3e429eadde2d28a514a",
        "is_verified": false,
        "line_number": 40
      }
    ],
    "tests/integration/test_oauth_flow.py": [
      {
        "type": "Secret Keyword",
        "filename": "tests/integration/test_oauth_flow.py",
        "hashed_secret": "72cb70dbbafe97e5ea13ad88acd65d08389439b0",
        "is_verified": false,
        "line_number": 37
      },
      {
        "type": "Secret Keyword",
        "filename": "tests/integration/test_oauth_flow.py",
        "hashed_secret": "00942f4668670f34c5943cf52c7ef3139fe2b8d6",
        "is_verified": false,
        "line_number": 49
      },
      {
        "type": "Secret Keyword",
        "filename": "tests/integration/test_oauth_flow.py",
        "hashed_secret": "fe9980fa7b838b529c0cdfcd4ee223d5e689865a",
        "is_verified": false,
        "line_number": 50
      }
    ],
    "tests/services/test_audit_logger.py": [
      {
        "type": "Secret Keyword",
        "filename": "tests/services/test_audit_logger.py",
        "hashed_secret": "521611ba0436a7416760b2320b8995c55f5fea55",
        "is_verified": false,
        "line_number": 119
      },
      {
        "type": "Secret Keyword",
        "filename": "tests/services/test_audit_logger.py",
        "hashed_secret": "f2b14f68eb995facb3a1c35287b778d5bd785511",
        "is_verified": false,
        "line_number": 120
      }
    ],
    "tests/services/test_gemini.py": [
      {
        "type": "Secret Keyword",
        "filename": "tests/services/test_gemini.py",
        "hashed_secret": "2e7a7ee14caebf378fc32d6cf6f557f347c96773",
        "is_verified": false,
        "line_number": 20
      }
    ],
    "tests/services/test_quickbooks.py": [
      {
        "type": "Secret Keyword",
        "filename": "tests/services/test_quickbooks.py",
        "hashed_secret": "1089adfb1f11b95df31344030507912b5abdf57a",
        "is_verified": false,
        "line_number": 44
      }
    ],
    "tests/services/test_quickbooks_oauth.py": [
      {
        "type": "Secret Keyword",
        "filename": "tests/services/test_quickbooks_oauth.py",
        "hashed_secret": "1089adfb1f11b95df31344030507912b5abdf57a",
        "is_verified": false,
        "line_number": 28
      }
    ],
    "tests/services/test_rules_cache.py": [
      {
        "type": "Secret Keyword",
        "filename": "tests/services/test_rules_cache.py",
        "hashed_secret": "72cb70dbbafe97e5ea13ad88acd65d08389439b0",
        "is_verified": false,
        "line_number": 16
      },
      {
        "type": "Secret Keyword",
        "filename": "tests/services/test_rules_cache.py",
        "hashed_secret": "fe9980fa7b838b529c0cdfcd4ee223d5e689865a",
        "is_verified": false,
        "line_number": 17
      }
    ],
    "tests/unit/test_cli.py": [
      {
        "type": "Secret Keyword",
        "filename": "tests/unit/test_cli.py",
        "hashed_secret": "3acfb2c2b433c0ea7ff107e33df91b18e52f960f",
        "is_verified": false,
        "line_number": 257
      }
    ],
    "tests/unit/test_quickbooks_oauth_models.py": [
      {
        "type": "Secret Keyword",
        "filename": "tests/unit/test_quickbooks_oauth_models.py",
        "hashed_secret": "1089adfb1f11b95df31344030507912b5abdf57a",
        "is_verified": false,
        "line_number": 216
      },
      {
        "type": "Secret Keyword",
        "filename": "tests/unit/test_quickbooks_oauth_models.py",
        "hashed_secret": "c2d433eba631c1b7f7f2b17a215c73a13c73c3ec",
        "is_verified": false,
        "line_number": 230
      },
      {
        "type": "Secret Keyword",
        "filename": "tests/unit/test_quickbooks_oauth_models.py",
        "hashed_secret": "e5e9fa1ba31ecd1ae84f75caaa474f3a663f05f4",
        "is_verified": false,
        "line_number": 244
      }
    ]
  },
  "generated_at": "2025-10-27T22:04:40Z"
}
